     diagonalizing the dynamical matrix ...

 q =       0.0000      0.0000      0.0000
 **************************************************************************
     freq (    1) =     -60.804444 [THz] =   -2028.217947 [cm-1]
 (  0.085973   0.000000     0.000000   0.000000    -0.000000   0.000000   )
 ( -0.065854   0.000000     0.000000   0.000000     0.000000   0.000000   )
 ( -0.085844   0.000000     0.000000   0.000000     0.000000   0.000000   )
 (  0.065664   0.000000     0.000000   0.000000    -0.000000   0.000000   )
 ( -0.451419   0.000000     0.000000   0.000000    -0.000000   0.000000   )
 ( -0.533431   0.000000     0.000000   0.000000    -0.000000   0.000000   )
 (  0.532512   0.000000    -0.000000   0.000000    -0.000000   0.000000   )
 (  0.452431   0.000000    -0.000000   0.000000    -0.000000   0.000000   )
     freq (    2) =     -58.638477 [THz] =   -1955.969063 [cm-1]
 (  0.046195   0.000000     0.000000   0.000000    -0.000000   0.000000   )
 ( -0.074433   0.000000    -0.000000   0.000000     0.000000   0.000000   )
 (  0.046349   0.000000    -0.000000   0.000000     0.000000   0.000000   )
 ( -0.074479   0.000000     0.000000   0.000000    -0.000000   0.000000   )
 (  0.517409   0.000000     0.000000   0.000000     0.000000   0.000000   )
 ( -0.474051   0.000000    -0.000000   0.000000     0.000000   0.000000   )
 ( -0.474957   0.000000    -0.000000   0.000000     0.000000   0.000000   )
 (  0.516343   0.000000     0.000000   0.000000     0.000000   0.000000   )
     freq (    3) =     -51.474278 [THz] =   -1716.997112 [cm-1]
 ( -0.034745   0.000000    -0.000000   0.000000    -0.000000   0.000000   )
 ( -0.033920   0.000000    -0.000000   0.000000    -0.000000   0.000000   )
 (  0.034731   0.000000    -0.000000   0.000000    -0.000000   0.000000   )
 (  0.033809   0.000000    -0.000000   0.000000    -0.000000   0.000000   )
 ( -0.538985   0.000000    -0.000000   0.000000    -0.000000   0.000000   )
 (  0.454964   0.000000     0.000000   0.000000     0.000000   0.000000   )
 ( -0.455013   0.000000     0.000000   0.000000    -0.000000   0.000000   )
 (  0.539221   0.000000    -0.000000   0.000000     0.000000   0.000000   )
     freq (    4) =     -51.232002 [THz] =   -1708.915625 [cm-1]
 (  0.000000   0.000000    -0.075121   0.000000    -0.038348   0.000000   )
 (  0.000000   0.000000    -0.025678   0.000000     0.006778   0.000000   )
 ( -0.000000   0.000000    -0.112343   0.000000     0.034554   0.000000   )
 ( -0.000000   0.000000     0.010240   0.000000    -0.008232   0.000000   )
 (  0.000000   0.000000    -0.368901   0.000000    -0.098516   0.000000   )
 ( -0.000000   0.000000    -0.049671   0.000000    -0.049329   0.000000   )
 (  0.000000   0.000000     0.887871   0.000000     0.071540   0.000000   )
 ( -0.000000   0.000000    -0.164252   0.000000     0.084193   0.000000   )
     freq (    5) =     -45.660102 [THz] =   -1523.057056 [cm-1]
 ( -0.000000   0.000000    -0.003483   0.000000    -0.144543   0.000000   )
 ( -0.000000   0.000000    -0.038390   0.000000    -0.013386   0.000000   )
 (  0.000000   0.000000     0.030755   0.000000     0.142161   0.000000   )
 ( -0.000000   0.000000    -0.001358   0.000000    -0.037109   0.000000   )
 (  0.000000   0.000000     0.153805   0.000000    -0.443063   0.000000   )
 (  0.000000   0.000000     0.087541   0.000000    -0.464010   0.000000   )
 ( -0.000000   0.000000    -0.125126   0.000000     0.484247   0.000000   )
 (  0.000000   0.000000    -0.097464   0.000000     0.502322   0.000000   )
     freq (    6) =     -36.825508 [THz] =   -1228.366741 [cm-1]
 (  0.000000   0.000000    -0.040180   0.000000     0.023315   0.000000   )
 (  0.000000   0.000000     0.070401   0.000000     0.024535   0.000000   )
 (  0.000000   0.000000     0.013369   0.000000    -0.016379   0.000000   )
 (  0.000000   0.000000    -0.044416   0.000000     0.008777   0.000000   )
 ( -0.000000   0.000000     0.632193   0.000000    -0.031077   0.000000   )
 ( -0.000000   0.000000    -0.053205   0.000000     0.138239   0.000000   )
 ( -0.000000   0.000000     0.147310   0.000000    -0.137446   0.000000   )
 ( -0.000000   0.000000    -0.725056   0.000000    -0.030226   0.000000   )
     freq (    7) =     -35.655299 [THz] =   -1189.332744 [cm-1]
 (  0.000000   0.000000     0.031319   0.000000     0.113177   0.000000   )
 (  0.000000   0.000000    -0.009781   0.000000     0.024645   0.000000   )
 (  0.000000   0.000000     0.001817   0.000000     0.034120   0.000000   )
 (  0.000000   0.000000     0.068967   0.000000    -0.074453   0.000000   )
 ( -0.000000   0.000000    -0.207549   0.000000     0.513019   0.000000   )
 ( -0.000000   0.000000     0.473477   0.000000    -0.535277   0.000000   )
 ( -0.000000   0.000000    -0.077392   0.000000    -0.196709   0.000000   )
 ( -0.000000   0.000000    -0.327335   0.000000     0.072399   0.000000   )
     freq (    8) =     -33.880111 [THz] =   -1130.118852 [cm-1]
 (  0.000000   0.000000     0.054539   0.000000     0.021937   0.000000   )
 (  0.000000   0.000000     0.054062   0.000000     0.029057   0.000000   )
 (  0.000000   0.000000     0.081674   0.000000     0.167990   0.000000   )
 (  0.000000   0.000000    -0.000921   0.000000     0.117332   0.000000   )
 ( -0.000000   0.000000    -0.185552   0.000000    -0.350207   0.000000   )
 ( -0.000000   0.000000     0.003040   0.000000     0.102163   0.000000   )
 ( -0.000000   0.000000    -0.082132   0.000000    -0.735535   0.000000   )
 ( -0.000000   0.000000    -0.020035   0.000000     0.477953   0.000000   )
     freq (    9) =     -32.981292 [THz] =   -1100.137485 [cm-1]
 (  0.256433   0.000000    -0.000000   0.000000    -0.000000   0.000000   )
 (  0.295890   0.000000     0.000000   0.000000    -0.000000   0.000000   )
 (  0.256449   0.000000    -0.000000   0.000000    -0.000000   0.000000   )
 (  0.295586   0.000000    -0.000000   0.000000    -0.000000   0.000000   )
 ( -0.382034   0.000000    -0.000000   0.000000    -0.000000   0.000000   )
 ( -0.448176   0.000000     0.000000   0.000000     0.000000   0.000000   )
 ( -0.448257   0.000000    -0.000000   0.000000     0.000000   0.000000   )
 ( -0.381847   0.000000     0.000000   0.000000    -0.000000   0.000000   )
     freq (   10) =     -30.129796 [THz] =   -1005.021826 [cm-1]
 ( -0.000000   0.000000    -0.051140   0.000000    -0.195990   0.000000   )
 ( -0.000000   0.000000     0.168468   0.000000    -0.068408   0.000000   )
 ( -0.000000   0.000000     0.026691   0.000000    -0.177180   0.000000   )
 ( -0.000000   0.000000     0.070368   0.000000     0.024742   0.000000   )
 (  0.000000   0.000000    -0.358058   0.000000    -0.153375   0.000000   )
 (  0.000000   0.000000     0.532749   0.000000     0.514299   0.000000   )
 (  0.000000   0.000000    -0.183758   0.000000     0.235308   0.000000   )
 (  0.000000   0.000000    -0.313247   0.000000     0.030448   0.000000   )
     freq (   11) =     -27.361124 [THz] =    -912.668847 [cm-1]
 (  0.000000   0.000000    -0.005731   0.000000    -0.222703   0.000000   )
 (  0.000000   0.000000    -0.028112   0.000000    -0.336299   0.000000   )
 (  0.000000   0.000000    -0.032578   0.000000    -0.051181   0.000000   )
 (  0.000000   0.000000     0.014555   0.000000    -0.306703   0.000000   )
 ( -0.000000   0.000000     0.117262   0.000000     0.510747   0.000000   )
 (  0.000000   0.000000    -0.179681   0.000000     0.267099   0.000000   )
 ( -0.000000   0.000000     0.049831   0.000000     0.009425   0.000000   )
 ( -0.000000   0.000000     0.090565   0.000000     0.591194   0.000000   )
     freq (   12) =     -22.512561 [THz] =    -750.938188 [cm-1]
 ( -0.000000   0.000000     0.246452   0.000000     0.080802   0.000000   )
 ( -0.000000   0.000000     0.173972   0.000000     0.020085   0.000000   )
 (  0.000000   0.000000     0.234587   0.000000    -0.125758   0.000000   )
 (  0.000000   0.000000     0.353185   0.000000    -0.031340   0.000000   )
 (  0.000000   0.000000    -0.357669   0.000000     0.027464   0.000000   )
 (  0.000000   0.000000    -0.626723   0.000000    -0.086458   0.000000   )
 ( -0.000000   0.000000    -0.173875   0.000000     0.135936   0.000000   )
 (  0.000000   0.000000    -0.357475   0.000000     0.007567   0.000000   )
     freq (   13) =     -15.980209 [THz] =    -533.042384 [cm-1]
 (  0.000000   0.000000     0.204201   0.000000    -0.622614   0.000000   )
 (  0.000000   0.000000    -0.150130   0.000000     0.309564   0.000000   )
 (  0.000000   0.000000    -0.069335   0.000000     0.536473   0.000000   )
 (  0.000000   0.000000     0.161938   0.000000    -0.137343   0.000000   )
 ( -0.000000   0.000000    -0.032081   0.000000     0.114547   0.000000   )
 (  0.000000   0.000000    -0.040639   0.000000     0.093996   0.000000   )
 (  0.000000   0.000000    -0.057161   0.000000    -0.065632   0.000000   )
 (  0.000000   0.000000    -0.090632   0.000000    -0.272325   0.000000   )
     freq (   14) =      -6.755411 [THz] =    -225.336266 [cm-1]
 ( -0.000000   0.000000    -0.481085   0.000000     0.045226   0.000000   )
 ( -0.000000   0.000000     0.309108   0.000000    -0.410867   0.000000   )
 ( -0.000000   0.000000    -0.258028   0.000000     0.377843   0.000000   )
 ( -0.000000   0.000000     0.471592   0.000000     0.163655   0.000000   )
 (  0.000000   0.000000     0.047059   0.000000    -0.011341   0.000000   )
 ( -0.000000   0.000000    -0.058397   0.000000    -0.072796   0.000000   )
 ( -0.000000   0.000000    -0.083503   0.000000    -0.025657   0.000000   )
 ( -0.000000   0.000000     0.032317   0.000000    -0.154591   0.000000   )
     freq (   15) =      -0.000000 [THz] =      -0.000015 [cm-1]
 (  0.121767   0.000000    -0.328089   0.000000     0.050305   0.000000   )
 (  0.121767   0.000000    -0.328089   0.000000     0.050305   0.000000   )
 (  0.121767   0.000000    -0.328089   0.000000     0.050305   0.000000   )
 (  0.121767   0.000000    -0.328089   0.000000     0.050305   0.000000   )
 (  0.121767   0.000000    -0.328089   0.000000     0.050305   0.000000   )
 (  0.121767   0.000000    -0.328089   0.000000     0.050305   0.000000   )
 (  0.121767   0.000000    -0.328089   0.000000     0.050305   0.000000   )
 (  0.121767   0.000000    -0.328089   0.000000     0.050305   0.000000   )
     freq (   16) =       0.000000 [THz] =       0.000009 [cm-1]
 (  0.304800   0.000000     0.131739   0.000000     0.121415   0.000000   )
 (  0.304800   0.000000     0.131739   0.000000     0.121415   0.000000   )
 (  0.304800   0.000000     0.131739   0.000000     0.121415   0.000000   )
 (  0.304800   0.000000     0.131739   0.000000     0.121415   0.000000   )
 (  0.304800   0.000000     0.131739   0.000000     0.121415   0.000000   )
 (  0.304800   0.000000     0.131739   0.000000     0.121415   0.000000   )
 (  0.304800   0.000000     0.131739   0.000000     0.121415   0.000000   )
 (  0.304800   0.000000     0.131739   0.000000     0.121415   0.000000   )
     freq (   17) =       0.000000 [THz] =       0.000013 [cm-1]
 (  0.131414   0.000000    -0.001552   0.000000    -0.328219   0.000000   )
 (  0.131414   0.000000    -0.001552   0.000000    -0.328219   0.000000   )
 (  0.131414   0.000000    -0.001552   0.000000    -0.328219   0.000000   )
 (  0.131414   0.000000    -0.001552   0.000000    -0.328219   0.000000   )
 (  0.131414   0.000000    -0.001552   0.000000    -0.328219   0.000000   )
 (  0.131414   0.000000    -0.001552   0.000000    -0.328219   0.000000   )
 (  0.131414   0.000000    -0.001552   0.000000    -0.328219   0.000000   )
 (  0.131414   0.000000    -0.001552   0.000000    -0.328219   0.000000   )
     freq (   18) =       2.804901 [THz] =      93.561433 [cm-1]
 ( -0.584152   0.000000    -0.000000   0.000000     0.000000   0.000000   )
 (  0.366768   0.000000    -0.000000   0.000000     0.000000   0.000000   )
 (  0.582440   0.000000    -0.000000   0.000000     0.000000   0.000000   )
 ( -0.365347   0.000000    -0.000000   0.000000     0.000000   0.000000   )
 ( -0.089879   0.000000    -0.000000   0.000000     0.000000   0.000000   )
 ( -0.132865   0.000000    -0.000000   0.000000     0.000000   0.000000   )
 (  0.132756   0.000000    -0.000000   0.000000     0.000000   0.000000   )
 (  0.090425   0.000000    -0.000000   0.000000     0.000000   0.000000   )
     freq (   19) =       5.073485 [THz] =     169.233246 [cm-1]
 (  0.000000   0.000000     0.106484   0.000000     0.030922   0.000000   )
 (  0.000000   0.000000    -0.405924   0.000000     0.198478   0.000000   )
 (  0.000000   0.000000    -0.470947   0.000000    -0.366471   0.000000   )
 (  0.000000   0.000000     0.575599   0.000000     0.102282   0.000000   )
 (  0.000000   0.000000     0.168679   0.000000    -0.088140   0.000000   )
 (  0.000000   0.000000     0.087144   0.000000     0.048212   0.000000   )
 (  0.000000   0.000000    -0.013732   0.000000    -0.081383   0.000000   )
 (  0.000000   0.000000     0.050757   0.000000     0.173614   0.000000   )
     freq (   20) =       8.902760 [THz] =     296.964094 [cm-1]
 ( -0.504545   0.000000    -0.000000   0.000000    -0.000000   0.000000   )
 (  0.477834   0.000000     0.000000   0.000000     0.000000   0.000000   )
 ( -0.511457   0.000000     0.000000   0.000000    -0.000000   0.000000   )
 (  0.471063   0.000000    -0.000000   0.000000    -0.000000   0.000000   )
 (  0.113035   0.000000    -0.000000   0.000000    -0.000000   0.000000   )
 ( -0.062490   0.000000    -0.000000   0.000000    -0.000000   0.000000   )
 ( -0.063349   0.000000    -0.000000   0.000000    -0.000000   0.000000   )
 (  0.113689   0.000000    -0.000000   0.000000    -0.000000   0.000000   )
     freq (   21) =      10.724243 [THz] =     357.722231 [cm-1]
 ( -0.378216   0.000000    -0.000000   0.000000     0.000000   0.000000   )
 ( -0.591912   0.000000    -0.000000   0.000000    -0.000000   0.000000   )
 (  0.371479   0.000000    -0.000000   0.000000     0.000000   0.000000   )
 (  0.598466   0.000000    -0.000000   0.000000     0.000000   0.000000   )
 (  0.064185   0.000000    -0.000000   0.000000     0.000000   0.000000   )
 ( -0.034817   0.000000    -0.000000   0.000000     0.000000   0.000000   )
 (  0.033830   0.000000    -0.000000   0.000000    -0.000000   0.000000   )
 ( -0.062923   0.000000    -0.000000   0.000000    -0.000000   0.000000   )
     freq (   22) =      11.716652 [THz] =     390.825436 [cm-1]
 ( -0.000000   0.000000     0.182581   0.000000    -0.044043   0.000000   )
 (  0.000000   0.000000    -0.566230   0.000000    -0.516237   0.000000   )
 ( -0.000000   0.000000     0.340348   0.000000     0.111324   0.000000   )
 ( -0.000000   0.000000     0.048796   0.000000     0.454783   0.000000   )
 ( -0.000000   0.000000    -0.012235   0.000000     0.034684   0.000000   )
 ( -0.000000   0.000000     0.065354   0.000000     0.037353   0.000000   )
 ( -0.000000   0.000000     0.056340   0.000000     0.039769   0.000000   )
 ( -0.000000   0.000000    -0.117719   0.000000    -0.120568   0.000000   )
     freq (   23) =      13.299225 [THz] =     443.614380 [cm-1]
 ( -0.000000   0.000000    -0.640213   0.000000    -0.071117   0.000000   )
 ( -0.000000   0.000000    -0.259960   0.000000     0.297949   0.000000   )
 (  0.000000   0.000000     0.570218   0.000000    -0.105748   0.000000   )
 (  0.000000   0.000000     0.240043   0.000000    -0.144958   0.000000   )
 ( -0.000000   0.000000     0.029010   0.000000     0.032852   0.000000   )
 (  0.000000   0.000000     0.001237   0.000000     0.021252   0.000000   )
 (  0.000000   0.000000     0.037911   0.000000    -0.060504   0.000000   )
 (  0.000000   0.000000     0.067018   0.000000     0.042292   0.000000   )
     freq (   24) =      24.847588 [THz] =     828.826335 [cm-1]
 ( -0.000000   0.000000     0.116726   0.000000     0.489083   0.000000   )
 ( -0.000000   0.000000    -0.258328   0.000000    -0.130926   0.000000   )
 (  0.000000   0.000000     0.014635   0.000000     0.306633   0.000000   )
 (  0.000000   0.000000     0.117543   0.000000    -0.616552   0.000000   )
 ( -0.000000   0.000000    -0.045646   0.000000    -0.263569   0.000000   )
 (  0.000000   0.000000     0.146975   0.000000     0.245896   0.000000   )
 (  0.000000   0.000000    -0.021360   0.000000     0.059747   0.000000   )
 (  0.000000   0.000000    -0.065800   0.000000    -0.114597   0.000000   )
 **************************************************************************
