[Molden Format]
[FREQ]
    0.00
    0.00
    0.00
    0.00
    0.00
    0.00
    0.00
    0.00
    0.00
    0.00
    0.00
    0.00
    0.00
    0.00
    0.00
    0.00
    0.00
   93.56
  169.23
  296.96
  357.72
  390.83
  443.61
  828.83
[FR-COORD]
   Sn          5.84811        3.34509       13.63969
   Sn          1.94937        7.78681       19.42426
   Sn          1.94937        5.53833        8.40294
   Sn          5.84811        1.09662        2.61837
   Se          1.94937        4.52328        3.27450
   Se          1.94937        8.80186       14.29582
   Se          5.84811        0.08157        7.74682
   Se          5.84811        4.36015       18.76813
[FR-NORM-COORD]
 vibration     1
   0.08597   0.00000  -0.00000
  -0.06585   0.00000   0.00000
  -0.08584   0.00000   0.00000
   0.06566   0.00000  -0.00000
  -0.45142   0.00000  -0.00000
  -0.53343   0.00000  -0.00000
   0.53251  -0.00000  -0.00000
   0.45243  -0.00000  -0.00000
 vibration     2
   0.04620   0.00000  -0.00000
  -0.07443  -0.00000   0.00000
   0.04635  -0.00000   0.00000
  -0.07448   0.00000  -0.00000
   0.51741   0.00000   0.00000
  -0.47405  -0.00000   0.00000
  -0.47496  -0.00000   0.00000
   0.51634   0.00000   0.00000
 vibration     3
  -0.03475  -0.00000  -0.00000
  -0.03392  -0.00000  -0.00000
   0.03473  -0.00000  -0.00000
   0.03381  -0.00000  -0.00000
  -0.53899  -0.00000  -0.00000
   0.45496   0.00000   0.00000
  -0.45501   0.00000  -0.00000
   0.53922  -0.00000   0.00000
 vibration     4
   0.00000  -0.07512  -0.03835
   0.00000  -0.02568   0.00678
  -0.00000  -0.11234   0.03455
  -0.00000   0.01024  -0.00823
   0.00000  -0.36890  -0.09852
  -0.00000  -0.04967  -0.04933
   0.00000   0.88787   0.07154
  -0.00000  -0.16425   0.08419
 vibration     5
  -0.00000  -0.00348  -0.14454
  -0.00000  -0.03839  -0.01339
   0.00000   0.03076   0.14216
  -0.00000  -0.00136  -0.03711
   0.00000   0.15381  -0.44306
   0.00000   0.08754  -0.46401
  -0.00000  -0.12513   0.48425
   0.00000  -0.09746   0.50232
 vibration     6
   0.00000  -0.04018   0.02331
   0.00000   0.07040   0.02453
   0.00000   0.01337  -0.01638
   0.00000  -0.04442   0.00878
  -0.00000   0.63219  -0.03108
  -0.00000  -0.05320   0.13824
  -0.00000   0.14731  -0.13745
  -0.00000  -0.72506  -0.03023
 vibration     7
   0.00000   0.03132   0.11318
   0.00000  -0.00978   0.02464
   0.00000   0.00182   0.03412
   0.00000   0.06897  -0.07445
  -0.00000  -0.20755   0.51302
  -0.00000   0.47348  -0.53528
  -0.00000  -0.07739  -0.19671
  -0.00000  -0.32733   0.07240
 vibration     8
   0.00000   0.05454   0.02194
   0.00000   0.05406   0.02906
   0.00000   0.08167   0.16799
   0.00000  -0.00092   0.11733
  -0.00000  -0.18555  -0.35021
  -0.00000   0.00304   0.10216
  -0.00000  -0.08213  -0.73553
  -0.00000  -0.02004   0.47795
 vibration     9
   0.25643  -0.00000  -0.00000
   0.29589   0.00000  -0.00000
   0.25645  -0.00000  -0.00000
   0.29559  -0.00000  -0.00000
  -0.38203  -0.00000  -0.00000
  -0.44818   0.00000   0.00000
  -0.44826  -0.00000   0.00000
  -0.38185   0.00000  -0.00000
 vibration    10
  -0.00000  -0.05114  -0.19599
  -0.00000   0.16847  -0.06841
  -0.00000   0.02669  -0.17718
  -0.00000   0.07037   0.02474
   0.00000  -0.35806  -0.15337
   0.00000   0.53275   0.51430
   0.00000  -0.18376   0.23531
   0.00000  -0.31325   0.03045
 vibration    11
   0.00000  -0.00573  -0.22270
   0.00000  -0.02811  -0.33630
   0.00000  -0.03258  -0.05118
   0.00000   0.01456  -0.30670
  -0.00000   0.11726   0.51075
   0.00000  -0.17968   0.26710
  -0.00000   0.04983   0.00942
  -0.00000   0.09057   0.59119
 vibration    12
  -0.00000   0.24645   0.08080
  -0.00000   0.17397   0.02008
   0.00000   0.23459  -0.12576
   0.00000   0.35318  -0.03134
   0.00000  -0.35767   0.02746
   0.00000  -0.62672  -0.08646
  -0.00000  -0.17388   0.13594
   0.00000  -0.35748   0.00757
 vibration    13
   0.00000   0.20420  -0.62261
   0.00000  -0.15013   0.30956
   0.00000  -0.06934   0.53647
   0.00000   0.16194  -0.13734
  -0.00000  -0.03208   0.11455
   0.00000  -0.04064   0.09400
   0.00000  -0.05716  -0.06563
   0.00000  -0.09063  -0.27233
 vibration    14
  -0.00000  -0.48108   0.04523
  -0.00000   0.30911  -0.41087
  -0.00000  -0.25803   0.37784
  -0.00000   0.47159   0.16365
   0.00000   0.04706  -0.01134
  -0.00000  -0.05840  -0.07280
  -0.00000  -0.08350  -0.02566
  -0.00000   0.03232  -0.15459
 vibration    15
   0.12177  -0.32809   0.05030
   0.12177  -0.32809   0.05030
   0.12177  -0.32809   0.05030
   0.12177  -0.32809   0.05030
   0.12177  -0.32809   0.05030
   0.12177  -0.32809   0.05030
   0.12177  -0.32809   0.05030
   0.12177  -0.32809   0.05030
 vibration    16
   0.30480   0.13174   0.12141
   0.30480   0.13174   0.12141
   0.30480   0.13174   0.12141
   0.30480   0.13174   0.12141
   0.30480   0.13174   0.12141
   0.30480   0.13174   0.12141
   0.30480   0.13174   0.12141
   0.30480   0.13174   0.12141
 vibration    17
   0.13141  -0.00155  -0.32822
   0.13141  -0.00155  -0.32822
   0.13141  -0.00155  -0.32822
   0.13141  -0.00155  -0.32822
   0.13141  -0.00155  -0.32822
   0.13141  -0.00155  -0.32822
   0.13141  -0.00155  -0.32822
   0.13141  -0.00155  -0.32822
 vibration    18
  -0.58415  -0.00000   0.00000
   0.36677  -0.00000   0.00000
   0.58244  -0.00000   0.00000
  -0.36535  -0.00000   0.00000
  -0.08988  -0.00000   0.00000
  -0.13287  -0.00000   0.00000
   0.13276  -0.00000   0.00000
   0.09043  -0.00000   0.00000
 vibration    19
   0.00000   0.10648   0.03092
   0.00000  -0.40592   0.19848
   0.00000  -0.47095  -0.36647
   0.00000   0.57560   0.10228
   0.00000   0.16868  -0.08814
   0.00000   0.08714   0.04821
   0.00000  -0.01373  -0.08138
   0.00000   0.05076   0.17361
 vibration    20
  -0.50455  -0.00000  -0.00000
   0.47783   0.00000   0.00000
  -0.51146   0.00000  -0.00000
   0.47106  -0.00000  -0.00000
   0.11303  -0.00000  -0.00000
  -0.06249  -0.00000  -0.00000
  -0.06335  -0.00000  -0.00000
   0.11369  -0.00000  -0.00000
 vibration    21
  -0.37822  -0.00000   0.00000
  -0.59191  -0.00000  -0.00000
   0.37148  -0.00000   0.00000
   0.59847  -0.00000   0.00000
   0.06419  -0.00000   0.00000
  -0.03482  -0.00000   0.00000
   0.03383  -0.00000  -0.00000
  -0.06292  -0.00000  -0.00000
 vibration    22
  -0.00000   0.18258  -0.04404
   0.00000  -0.56623  -0.51624
  -0.00000   0.34035   0.11132
  -0.00000   0.04880   0.45478
  -0.00000  -0.01224   0.03468
  -0.00000   0.06535   0.03735
  -0.00000   0.05634   0.03977
  -0.00000  -0.11772  -0.12057
 vibration    23
  -0.00000  -0.64021  -0.07112
  -0.00000  -0.25996   0.29795
   0.00000   0.57022  -0.10575
   0.00000   0.24004  -0.14496
  -0.00000   0.02901   0.03285
   0.00000   0.00124   0.02125
   0.00000   0.03791  -0.06050
   0.00000   0.06702   0.04229
 vibration    24
  -0.00000   0.11673   0.48908
  -0.00000  -0.25833  -0.13093
   0.00000   0.01464   0.30663
   0.00000   0.11754  -0.61655
  -0.00000  -0.04565  -0.26357
   0.00000   0.14698   0.24590
   0.00000  -0.02136   0.05975
   0.00000  -0.06580  -0.11460
