
     Program BANDS v.7.0 starts on  3Jul2025 at  6:41:56 

     This program is part of the open-source Quantum ESPRESSO suite
     for quantum simulation of materials; please cite
         "P. Giannozzi et al., J. Phys.:Condens. Matter 21 395502 (2009);
         "P. Giannozzi et al., J. Phys.:Condens. Matter 29 465901 (2017);
         "P. Giannozzi et al., J. Chem. Phys. 152 154105 (2020);
          URL http://www.quantum-espresso.org", 
     in publications or presentations arising from this work. More details at
     http://www.quantum-espresso.org/quote

     Parallel version (MPI & OpenMP), running on      16 processor cores
     Number of MPI processes:                 8
     Threads/MPI process:                     2

     MPI processes distributed on     1 nodes
     R & G space division:  proc/nbgrp/npool/nimage =       8
     8665 MiB available memory on the printing compute node when the environment starts


     Reading xml data from directory:

     ./bulk/sns.save/
     file Sn.pbe-dn-kjpaw_psl.1.0.0.UPF: wavefunction(s)  5S 5P 4D renormalized
     file S.pbe-n-kjpaw_psl.1.0.0.UPF: wavefunction(s)  3S 3P renormalized

     IMPORTANT: XC functional enforced from input :
     Exchange-correlation= PBE
                           (   1   4   3   4   0   0   0)
     Any further DFT definition will be discarded
     Please, verify this is what you really want


     Parallelization info
     --------------------
     sticks:   dense  smooth     PW     G-vecs:    dense   smooth      PW
     Min         255     126     36                23291     8218    1294
     Max         256     127     37                23296     8227    1299
     Sum        2045    1015    295               186345    65775   10383

     Using Slab Decomposition

     Reading collected, re-writing distributed wavefunctions
     high-symmetry point:  0.0000 0.0000 0.0000   x coordinate   0.0000
     high-symmetry point:  0.5000 0.0000 0.0000   x coordinate   0.5000
     high-symmetry point:  0.5000 0.4365 0.0000   x coordinate   0.9365
     high-symmetry point:  0.5000 0.4365 0.1737   x coordinate   1.1101
     high-symmetry point:  0.0000 0.0000 0.1737   x coordinate   1.7738
     high-symmetry point:  0.0000 0.0000 0.0000   x coordinate   1.9475

     Plottable bands (eV) written to file bulk_bands.dat.gnu
     Bands written to file bulk_bands.dat
